Nothing to build in platform 'dual_arm_zynq'

21:48:12 **** Incremental Build of configuration Debug for project hello_dual_arm ****
make all 
make --no-print-directory pre-build
a9-linaro-pre-build-step
 
make --no-print-directory main-build
Building file: ../src/helloworld.c
Invoking: ARM v7 gcc compiler
arm-none-eabi-gcc -Wall -O0 -g3 -c -fmessage-length=0 -MT"src/helloworld.o" -mcpu=cortex-a9 -mfpu=vfpv3 -mfloat-abi=hard -I/home/parallels/dual_arm_zynq/vitis_workspace/dual_arm_zynq/export/dual_arm_zynq/sw/dual_arm_zynq/standalone_domain/bspinclude/include -MMD -MP -MF"src/helloworld.d" -MT"src/helloworld.o" -o "src/helloworld.o" "../src/helloworld.c"
Finished building: ../src/helloworld.c
 
Building target: hello_dual_arm.elf
Invoking: ARM v7 gcc linker
arm-none-eabi-gcc -mcpu=cortex-a9 -mfpu=vfpv3 -mfloat-abi=hard -Wl,-build-id=none -specs=Xilinx.spec -Wl,-T -Wl,../src/lscript.ld -L/home/parallels/dual_arm_zynq/vitis_workspace/dual_arm_zynq/export/dual_arm_zynq/sw/dual_arm_zynq/standalone_domain/bsplib/lib -o "hello_dual_arm.elf"  ./src/helloworld.o ./src/platform.o   -Wl,--start-group,-lxil,-lgcc,-lc,--end-group
Finished building target: hello_dual_arm.elf
 
Invoking: ARM v7 Print Size
arm-none-eabi-size hello_dual_arm.elf  |tee "hello_dual_arm.elf.size"
   text	   data	    bss	    dec	    hex	filename
  23428	   1144	  22568	  47140	   b824	hello_dual_arm.elf
Finished building: hello_dual_arm.elf.size
 
21:48:13 **** Incremental Build of configuration Debug for project hello_dual_arm1 ****
make all 
make --no-print-directory pre-build
a9-linaro-pre-build-step
 
make --no-print-directory main-build
Building file: ../src/helloworld.c
Invoking: ARM v7 gcc compiler
arm-none-eabi-gcc -Wall -O0 -g3 -c -fmessage-length=0 -MT"src/helloworld.o" -mcpu=cortex-a9 -mfpu=vfpv3 -mfloat-abi=hard -I/home/parallels/dual_arm_zynq/vitis_workspace/dual_arm_zynq/export/dual_arm_zynq/sw/dual_arm_zynq/ps7_cortex9_1/bspinclude/include -MMD -MP -MF"src/helloworld.d" -MT"src/helloworld.o" -o "src/helloworld.o" "../src/helloworld.c"
Finished building: ../src/helloworld.c
 
Building target: hello_dual_arm1.elf
Invoking: ARM v7 gcc linker
arm-none-eabi-gcc -mcpu=cortex-a9 -mfpu=vfpv3 -mfloat-abi=hard -Wl,-build-id=none -specs=Xilinx.spec -Wl,-T -Wl,../src/lscript.ld -L/home/parallels/dual_arm_zynq/vitis_workspace/dual_arm_zynq/export/dual_arm_zynq/sw/dual_arm_zynq/ps7_cortex9_1/bsplib/lib -o "hello_dual_arm1.elf"  ./src/helloworld.o ./src/platform.o   -Wl,--start-group,-lxil,-lgcc,-lc,--end-group
Finished building target: hello_dual_arm1.elf
 
Invoking: ARM v7 Print Size
arm-none-eabi-size hello_dual_arm1.elf  |tee "hello_dual_arm1.elf.size"
   text	   data	    bss	    dec	    hex	filename
  21956	   1144	  22568	  45668	   b264	hello_dual_arm1.elf
Finished building: hello_dual_arm1.elf.size
 
21:48:13 **** Incremental Build of configuration Debug for project hello_dual_arm_system ****
make all 
Generating bif file for the system project
Executing command '::scw::generate_bif -xpfm /home/parallels/dual_arm_zynq/vitis_workspace/dual_arm_zynq/export/dual_arm_zynq/dual_arm_zynq.xpfm -domains standalone_domain,ps7_cortex9_1 -bifpath /home/parallels/dual_arm_zynq/vitis_workspace/hello_dual_arm_system/Debug/system.bif' on XSCT
sdcard_gen --xpfm /home/parallels/dual_arm_zynq/vitis_workspace/dual_arm_zynq/export/dual_arm_zynq/dual_arm_zynq.xpfm --sys_config dual_arm_zynq --bif /home/parallels/dual_arm_zynq/vitis_workspace/hello_dual_arm_system/Debug/system.bif --bitstream /home/parallels/dual_arm_zynq/vitis_workspace/hello_dual_arm/_ide/bitstream/zb_simple_wrapper.bit --elf /home/parallels/dual_arm_zynq/vitis_workspace/hello_dual_arm/Debug/hello_dual_arm.elf,ps7_cortexa9_0 --elf /home/parallels/dual_arm_zynq/vitis_workspace/hello_dual_arm1/Debug/hello_dual_arm1.elf,ps7_cortexa9_1
creating BOOT.BIN using /home/parallels/dual_arm_zynq/vitis_workspace/hello_dual_arm/_ide/bitstream/zb_simple_wrapper.bit
Running /tools/Xilinx/Vitis/2019.2/bin/bootgen  -image /home/parallels/dual_arm_zynq/vitis_workspace/hello_dual_arm_system/Debug/sd_card_temp/boot.bif -w -o i BOOT.BIN
