21:48:13 **** Incremental Build of configuration Debug for project hello_dual_arm1 ****
make all 
make --no-print-directory pre-build
a9-linaro-pre-build-step
 
make --no-print-directory main-build
Building file: ../src/helloworld.c
Invoking: ARM v7 gcc compiler
arm-none-eabi-gcc -Wall -O0 -g3 -c -fmessage-length=0 -MT"src/helloworld.o" -mcpu=cortex-a9 -mfpu=vfpv3 -mfloat-abi=hard -I/home/parallels/dual_arm_zynq/vitis_workspace/dual_arm_zynq/export/dual_arm_zynq/sw/dual_arm_zynq/ps7_cortex9_1/bspinclude/include -MMD -MP -MF"src/helloworld.d" -MT"src/helloworld.o" -o "src/helloworld.o" "../src/helloworld.c"
Finished building: ../src/helloworld.c
 
Building target: hello_dual_arm1.elf
Invoking: ARM v7 gcc linker
arm-none-eabi-gcc -mcpu=cortex-a9 -mfpu=vfpv3 -mfloat-abi=hard -Wl,-build-id=none -specs=Xilinx.spec -Wl,-T -Wl,../src/lscript.ld -L/home/parallels/dual_arm_zynq/vitis_workspace/dual_arm_zynq/export/dual_arm_zynq/sw/dual_arm_zynq/ps7_cortex9_1/bsplib/lib -o "hello_dual_arm1.elf"  ./src/helloworld.o ./src/platform.o   -Wl,--start-group,-lxil,-lgcc,-lc,--end-group
Finished building target: hello_dual_arm1.elf
 
Invoking: ARM v7 Print Size
arm-none-eabi-size hello_dual_arm1.elf  |tee "hello_dual_arm1.elf.size"
   text	   data	    bss	    dec	    hex	filename
  21956	   1144	  22568	  45668	   b264	hello_dual_arm1.elf
Finished building: hello_dual_arm1.elf.size
 

21:48:13 Build Finished (took 131ms)

